Copyright 1986-2014 Xilinx, Inc. All Rights Reserved.
-------------------------------------------------------------------------------------
| Tool Version : Vivado v.2014.1 (win64) Build 881834 Fri Apr  4 14:15:54 MDT 2014
| Date         : Wed Nov 25 20:04:53 2015
| Host         : J309-B4 running 64-bit Service Pack 1  (build 7601)
| Command      : report_control_sets -verbose -file toplevel_control_sets_placed.rpt
| Design       : toplevel
| Device       : xc7a100t
-------------------------------------------------------------------------------------

Control Set Information

Table of Contents
-----------------
1. Summary
2. Flip-Flop Distribution
3. Detailed Control Set Information

1. Summary
----------

+-------------------------------------------------------------------+-------+
|                               Status                              | Count |
+-------------------------------------------------------------------+-------+
| Number of unique control sets                                     |    72 |
| Minimum Number of register sites lost to control set restrictions |   209 |
+-------------------------------------------------------------------+-------+


2. Flip-Flop Distribution
-------------------------

+--------------+-----------------------+------------------------+-----------------+--------------+
| Clock Enable | Synchronous Set/Reset | Asynchronous Set/Reset | Total Registers | Total Slices |
+--------------+-----------------------+------------------------+-----------------+--------------+
| No           | No                    | No                     |             421 |          140 |
| No           | No                    | Yes                    |              40 |           12 |
| No           | Yes                   | No                     |             279 |          115 |
| Yes          | No                    | No                     |             215 |           62 |
| Yes          | No                    | Yes                    |              14 |            7 |
| Yes          | Yes                   | No                     |             598 |          205 |
+--------------+-----------------------+------------------------+-----------------+--------------+


3. Detailed Control Set Information
-----------------------------------

+------------------------------------------+-----------------------------------------------------------------------------------------------------------------------+-------------------------------------------------------------------------------------------------------------------------------+------------------+----------------+
|               Clock Signal               |                                                     Enable Signal                                                     |                                                        Set/Reset Signal                                                       | Slice Load Count | Bel Load Count |
+------------------------------------------+-----------------------------------------------------------------------------------------------------------------------+-------------------------------------------------------------------------------------------------------------------------------+------------------+----------------+
|  u1/uc_basico_i/mdm_1/U0/Ext_JTAG_UPDATE | u1/uc_basico_i/microblaze_0/U0/MicroBlaze_Core_I/Performance.Use_Debug_Logic.Master_Core.Debug_Perf/Control_Reg_En    | u1/uc_basico_i/microblaze_0/U0/n_0_MicroBlaze_Core_I/Performance.Use_Debug_Logic.Master_Core.Debug_Perf/normal_stop_cmd_i_reg |                1 |              1 |
|  u1/uc_basico_i/mdm_1/U0/Ext_JTAG_UPDATE |                                                                                                                       | u1/uc_basico_i/mdm_1/U0/n_0_MDM_Core_I1/JTAG_CONTROL_I/Use_UART.execute_i_2                                                   |                1 |              1 |
|  u1/uc_basico_i/clk_wiz_1/U0/clk_out1    |                                                                                                                       | u1/uc_basico_i/mdm_1/U0/n_0_MDM_Core_I1/Use_Uart.reset_TX_FIFO_reg                                                            |                1 |              1 |
|  u1/uc_basico_i/clk_wiz_1/U0/clk_out1    |                                                                                                                       | u1/uc_basico_i/mdm_1/U0/n_0_MDM_Core_I1/Use_Uart.reset_RX_FIFO_reg                                                            |                1 |              1 |
|  u1/uc_basico_i/mdm_1/U0/Ext_JTAG_UPDATE | u1/uc_basico_i/microblaze_0/U0/MicroBlaze_Core_I/Performance.Use_Debug_Logic.Master_Core.Debug_Perf/Control_Reg_En    | u1/uc_basico_i/microblaze_0/U0/n_0_MicroBlaze_Core_I/Performance.Use_Debug_Logic.Master_Core.Debug_Perf/continue_from_brk_reg |                1 |              1 |
|  u1/uc_basico_i/mdm_1/U0/Ext_JTAG_UPDATE | u1/uc_basico_i/microblaze_0/U0/MicroBlaze_Core_I/Performance.Use_Debug_Logic.Master_Core.Debug_Perf/Control_Reg_En    | u1/uc_basico_i/microblaze_0/U0/n_0_MicroBlaze_Core_I/Performance.Use_Debug_Logic.Master_Core.Debug_Perf/force_stop_cmd_i_reg  |                1 |              1 |
|  u1/uc_basico_i/mdm_1/U0/Ext_JTAG_UPDATE | u1/uc_basico_i/microblaze_0/U0/MicroBlaze_Core_I/Performance.Use_Debug_Logic.Master_Core.Debug_Perf/Control_Reg_En    | u1/uc_basico_i/microblaze_0/U0/n_0_MicroBlaze_Core_I/Performance.Use_Debug_Logic.Master_Core.Debug_Perf/start_single_step_reg |                1 |              1 |
| ~u1/uc_basico_i/mdm_1/U0/Ext_JTAG_DRCK   | u1/uc_basico_i/mdm_1/U0/MDM_Core_I1/JTAG_CONTROL_I/CE                                                                 | u1/uc_basico_i/mdm_1/U0/MDM_Core_I1/JTAG_CONTROL_I/D                                                                          |                1 |              1 |
| ~u1/uc_basico_i/mdm_1/U0/Ext_JTAG_UPDATE |                                                                                                                       | u1/uc_basico_i/mdm_1/U0/n_0_Insert_Delays[0].LUT_Delay_i_1                                                                    |                1 |              1 |
|  u1/uc_basico_i/clk_wiz_1/U0/clk_out1    |                                                                                                                       | u1/uc_basico_i/mdm_1/U0/Ext_JTAG_UPDATE                                                                                       |                1 |              1 |
|  u1/uc_basico_i/mdm_1/U0/Ext_JTAG_UPDATE | u1/uc_basico_i/mdm_1/U0/MDM_Core_I1/JTAG_CONTROL_I/Debug_Rst_i0                                                       |                                                                                                                               |                2 |              2 |
|  u1/uc_basico_i/mdm_1/U0/Ext_JTAG_UPDATE | u1/uc_basico_i/microblaze_0/U0/MicroBlaze_Core_I/Performance.Use_Debug_Logic.Master_Core.Debug_Perf/Command_Reg_En    | u1/uc_basico_i/microblaze_0/U0/MicroBlaze_Core_I/Performance.Use_Debug_Logic.Master_Core.Debug_Perf/command_reg_clear         |                1 |              2 |
|  u1/uc_basico_i/clk_wiz_1/U0/clk_out1    | u1/uc_basico_i/microblaze_0/U0/n_0_wb_exception_kind_i[27]_i_2                                                        | u1/uc_basico_i/microblaze_0/U0/n_0_wb_exception_kind_i[27]_i_1                                                                |                1 |              2 |
|  u1/uc_basico_i/mdm_1/U0/Ext_JTAG_UPDATE |                                                                                                                       |                                                                                                                               |                2 |              2 |
|  u1/uc_basico_i/clk_wiz_1/U0/clk_out1    |                                                                                                                       | u1/uc_basico_i/mdm_1/U0/n_0_Use_Uart.reset_RX_FIFO_i_1                                                                        |                2 |              3 |
|  u1/uc_basico_i/clk_wiz_1/U0/clk_out1    |                                                                                                                       | u1/uc_basico_i/axi_gpio_LED/U0/AXI_LITE_IPIF_I/I_SLAVE_ATTACHMENT/p_2_out                                                     |                1 |              4 |
|  u1/uc_basico_i/mdm_1/U0/Ext_JTAG_UPDATE | u1/uc_basico_i/mdm_1/U0/MDM_Core_I1/MDM_SEL                                                                           | u1/uc_basico_i/mdm_1/U0/n_0_PORT_Selector[3]_i_1                                                                              |                1 |              4 |
|  u1/uc_basico_i/mdm_1/U0/Ext_JTAG_UPDATE | u1/uc_basico_i/microblaze_0/U0/MicroBlaze_Core_I/Performance.Use_Debug_Logic.Master_Core.Debug_Perf/Control_Reg_En    |                                                                                                                               |                3 |              4 |
| ~u1/uc_basico_i/mdm_1/U0/Ext_JTAG_UPDATE |                                                                                                                       | u1/uc_basico_i/mdm_1/U0/n_0_PORT_Selector[3]_i_1                                                                              |                1 |              4 |
|  u1/uc_basico_i/clk_wiz_1/U0/clk_out1    | u1/uc_basico_i/mdm_1/U0/MDM_Core_I1/JTAG_CONTROL_I/fifo_Data_Present                                                  | u1/uc_basico_i/mdm_1/U0/n_0_MDM_Core_I1/Use_Uart.reset_TX_FIFO_reg                                                            |                1 |              4 |
|  u1/uc_basico_i/clk_wiz_1/U0/clk_out1    |                                                                                                                       | u1/uc_basico_i/rst_clk_wiz_1_100M/bus_struct_reset[0]                                                                         |                3 |              4 |
|  u1/uc_basico_i/clk_wiz_1/U0/clk_out1    | u1/uc_basico_i/mdm_1/U0/Use_AXI_IPIF.AXI_LITE_IPIF_I/I_SLAVE_ATTACHMENT/start                                         | u1/uc_basico_i/mdm_1/U0/Use_AXI_IPIF.AXI_LITE_IPIF_I/I_SLAVE_ATTACHMENT/I_DECODER/cs_ce_clr                                   |                1 |              4 |
|  u1/uc_basico_i/clk_wiz_1/U0/clk_out1    | u1/uc_basico_i/mdm_1/U0/MDM_Core_I1/RX_Data_Present                                                                   | u1/uc_basico_i/mdm_1/U0/n_0_MDM_Core_I1/Use_Uart.reset_RX_FIFO_reg                                                            |                1 |              4 |
|  u1/uc_basico_i/clk_wiz_1/U0/clk_out1    | u1/uc_basico_i/microblaze_0/U0/MicroBlaze_Core_I/WB_Halted                                                            | u1/uc_basico_i/microblaze_0/U0/MicroBlaze_Core_I/sync_reset                                                                   |                2 |              4 |
|  u1/uc_basico_i/clk_wiz_1/U0/clk_out1    |                                                                                                                       | u1/uc_basico_i/axi_gpio_SW/U0/AXI_LITE_IPIF_I/I_SLAVE_ATTACHMENT/p_2_out                                                      |                1 |              4 |
|  u1/uc_basico_i/mdm_1/U0/Ext_JTAG_DRCK   | u1/uc_basico_i/mdm_1/U0/n_0_TDI_Shifter[3]_i_1                                                                        | u1/uc_basico_i/mdm_1/U0/n_0_PORT_Selector[3]_i_1                                                                              |                1 |              4 |
|  u1/uc_basico_i/clk_wiz_1/U0/clk_out1    | u1/uc_basico_i/microblaze_0/U0/n_0_EX_ALU_Op[0]_i_1                                                                   |                                                                                                                               |                2 |              4 |
|  u1/uc_basico_i/clk_wiz_1/U0/clk_out1    |                                                                                                                       | u1/uc_basico_i/rst_clk_wiz_1_100M/lpf_int                                                                                     |                2 |              5 |
|  u1/uc_basico_i/mdm_1/U0/Ext_JTAG_DRCK   | u1/uc_basico_i/mdm_1/U0/n_0_count[0]__0_i_1                                                                           |                                                                                                                               |                1 |              6 |
|  u1/uc_basico_i/clk_wiz_1/U0/clk_out1    | u1/uc_basico_i/rst_clk_wiz_1_100M/U0/SEQ/seq_cnt_en                                                                   | u1/uc_basico_i/rst_clk_wiz_1_100M/clear                                                                                       |                1 |              6 |
|  u1/uc_basico_i/clk_wiz_1/U0/clk_out1    | u1/uc_basico_i/microblaze_0/U0/Trace_OF_PipeRun                                                                       | u1/uc_basico_i/microblaze_0/U0/MicroBlaze_Core_I/Performance.Decode_I/jump_logic_I1/use_Reg_Neg_DI                            |                2 |              6 |
| ~u1/uc_basico_i/mdm_1/U0/Ext_JTAG_UPDATE | u1/uc_basico_i/mdm_1/U0/n_0_command[0]_i_1                                                                            |                                                                                                                               |                2 |              8 |
|  u1/uc_basico_i/mdm_1/U0/Ext_JTAG_DRCK   | u1/uc_basico_i/mdm_1/U0/n_0_tdi_shifter[0]_i_1                                                                        |                                                                                                                               |                2 |              8 |
|  u1/uc_basico_i/mdm_1/U0/Ext_JTAG_UPDATE | u1/uc_basico_i/mdm_1/U0/MDM_Core_I1/JTAG_CONTROL_I/command_10                                                         |                                                                                                                               |                1 |              8 |
|  u1/uc_basico_i/mdm_1/U0/Ext_JTAG_DRCK   | u1/uc_basico_i/mdm_1/U0/n_0_Use_UART.tdo_reg[0]_i_1                                                                   |                                                                                                                               |                3 |              8 |
|  u1/uc_basico_i/mdm_1/U0/Ext_JTAG_DRCK   | u1/uc_basico_i/mdm_1/U0/Dbg_Shift_31                                                                                  |                                                                                                                               |                1 |              8 |
|  u1/uc_basico_i/mdm_1/U0/Ext_JTAG_DRCK   | u1/uc_basico_i/microblaze_0/U0/MicroBlaze_Core_I/Performance.Use_Debug_Logic.Master_Core.Debug_Perf/SRL16_En          |                                                                                                                               |                7 |              8 |
|  u1/uc_basico_i/clk_wiz_1/U0/clk_out1    | u1/uc_basico_i/mdm_1/U0/n_0_Addr_Counters[0].XORCY_I_i_2__0                                                           |                                                                                                                               |                1 |              8 |
|  u1/uc_basico_i/clk_wiz_1/U0/clk_out1    | u1/uc_basico_i/mdm_1/U0/n_0_Addr_Counters[0].XORCY_I_i_2                                                              |                                                                                                                               |                1 |              8 |
|  u1/uc_basico_i/clk_wiz_1/U0/clk_out1    | u1/uc_basico_i/mdm_1/U0/n_0_s_axi_rdata_i[7]_i_1                                                                      | u1/uc_basico_i/mdm_1/U0/Use_AXI_IPIF.AXI_LITE_IPIF_I/I_SLAVE_ATTACHMENT/rst                                                   |                2 |              8 |
|  u1/uc_basico_i/clk_wiz_1/U0/clk_out1    |                                                                                                                       | u1/uc_basico_i/microblaze_0_axi_periph/xbar/inst/gen_sasd.crossbar_sasd_0/reset                                               |                9 |             13 |
|  u1/uc_basico_i/clk_wiz_1/U0/clk_out1    | u1/uc_basico_i/microblaze_0/U0/MicroBlaze_Core_I/OF_Write_Imm_Reg                                                     | u1/uc_basico_i/microblaze_0/U0/MicroBlaze_Core_I/sync_reset                                                                   |                8 |             16 |
|  u1/uc_basico_i/clk_wiz_1/U0/clk_out1    | u1/uc_basico_i/axi_gpio_LED/U0/n_0_Not_Dual.gpio_Data_Out[0]_i_1                                                      | u1/uc_basico_i/axi_gpio_LED/U0/bus2ip_reset                                                                                   |                4 |             16 |
|  u1/uc_basico_i/clk_wiz_1/U0/clk_out1    | u1/uc_basico_i/axi_gpio_SW/U0/n_0_Not_Dual.gpio_OE[0]_i_1                                                             | u1/uc_basico_i/axi_gpio_SW/U0/bus2ip_reset                                                                                    |                6 |             16 |
|  u1/uc_basico_i/clk_wiz_1/U0/clk_out1    | u1/uc_basico_i/axi_gpio_LED/U0/n_0_Not_Dual.gpio_OE[0]_i_1                                                            | u1/uc_basico_i/axi_gpio_LED/U0/bus2ip_reset                                                                                   |                3 |             16 |
|  u1/uc_basico_i/clk_wiz_1/U0/clk_out1    |                                                                                                                       | u1/uc_basico_i/axi_gpio_SW/U0/gpio_core_1/Read_Reg_Rst                                                                        |                5 |             16 |
|  u1/uc_basico_i/clk_wiz_1/U0/clk_out1    |                                                                                                                       | u1/uc_basico_i/axi_gpio_LED/U0/gpio_core_1/Read_Reg_Rst                                                                       |                4 |             16 |
|  u1/uc_basico_i/clk_wiz_1/U0/clk_out1    | u1/uc_basico_i/axi_gpio_LED/U0/n_0_s_axi_rdata_i[15]_i_1                                                              | u1/uc_basico_i/axi_gpio_LED/U0/bus2ip_reset                                                                                   |                3 |             16 |
|  u1/uc_basico_i/clk_wiz_1/U0/clk_out1    | u1/uc_basico_i/axi_gpio_SW/U0/n_0_s_axi_rdata_i[15]_i_1                                                               | u1/uc_basico_i/axi_gpio_SW/U0/bus2ip_reset                                                                                    |                4 |             16 |
|  u1/uc_basico_i/clk_wiz_1/U0/clk_out1    | u1/uc_basico_i/microblaze_0_axi_periph/xbar/s_axi_rvalid[0]                                                           | u1/uc_basico_i/microblaze_0/U0/MicroBlaze_Core_I/sync_reset                                                                   |                3 |             16 |
|  u1/uc_basico_i/clk_wiz_1/U0/clk_out1    | u1/uc_basico_i/microblaze_0_axi_periph/xbar/inst/gen_sasd.crossbar_sasd_0/aa_rready                                   |                                                                                                                               |                7 |             17 |
|  u1/uc_basico_i/clk_wiz_1/U0/clk_out1    | u1/uc_basico_i/microblaze_0_axi_periph/xbar/inst/gen_sasd.crossbar_sasd_0/reg_slice_r/p_1_in                          |                                                                                                                               |                7 |             17 |
|  u1/uc_basico_i/clk_wiz_1/U0/clk_out1    | u1/uc_basico_i/microblaze_0/U0/Trace_MEM_PipeRun                                                                      | u1/uc_basico_i/microblaze_0/U0/MicroBlaze_Core_I/sync_reset                                                                   |               10 |             17 |
|  u1/uc_basico_i/clk_wiz_1/U0/clk_out1    |                                                                                                                       | u1/uc_basico_i/axi_gpio_SW/U0/bus2ip_reset                                                                                    |                6 |             22 |
|  u1/uc_basico_i/clk_wiz_1/U0/clk_out1    |                                                                                                                       | u1/uc_basico_i/axi_gpio_LED/U0/bus2ip_reset                                                                                   |                6 |             22 |
|  u1/uc_basico_i/clk_wiz_1/U0/clk_out1    | u1/uc_basico_i/microblaze_0_axi_periph/xbar/inst/gen_sasd.crossbar_sasd_0/addr_arbiter_inst/p_0_in1_in                | u1/uc_basico_i/microblaze_0_axi_periph/xbar/inst/gen_sasd.crossbar_sasd_0/reset                                               |                4 |             23 |
|  u1/uc_basico_i/mdm_1/U0/Ext_JTAG_DRCK   |                                                                                                                       | u1/uc_basico_i/mdm_1/U0/n_0_Config_Reg[30]_i_1                                                                                |                6 |             31 |
|  u1/uc_basico_i/clk_wiz_1/U0/clk_out1    | u1/uc_basico_i/microblaze_0/U0/Trace_MEM_PipeRun                                                                      |                                                                                                                               |                6 |             32 |
|  u1/uc_basico_i/clk_wiz_1/U0/clk_out1    | u1/uc_basico_i/microblaze_0/U0/Trace_MEM_PipeRun                                                                      | u1/uc_basico_i/microblaze_0/U0/MicroBlaze_Core_I/Performance.Data_Flow_I/Data_Flow_Logic_I/WB_MEM_Result0                     |               16 |             32 |
|  u1/uc_basico_i/mdm_1/U0/Ext_JTAG_DRCK   | u1/uc_basico_i/microblaze_0/U0/MicroBlaze_Core_I/Performance.Use_Debug_Logic.Master_Core.Debug_Perf/New_Dbg_Instr_TCK |                                                                                                                               |                8 |             32 |
|  u1/uc_basico_i/clk_wiz_1/U0/clk_out1    | u1/uc_basico_i/microblaze_0/U0/Trace_EX_PipeRun                                                                       | u1/uc_basico_i/microblaze_0/U0/MicroBlaze_Core_I/Performance.Data_Flow_I/Data_Flow_Logic_I/R                                  |               16 |             32 |
|  u1/uc_basico_i/clk_wiz_1/U0/clk_out1    | u1/uc_basico_i/microblaze_0/U0/n_0_mem_pc_i[0]_i_1                                                                    | u1/uc_basico_i/microblaze_0/U0/MicroBlaze_Core_I/sync_reset                                                                   |                5 |             32 |
|  u1/uc_basico_i/clk_wiz_1/U0/clk_out1    | u1/uc_basico_i/microblaze_0/U0/MicroBlaze_Core_I/Performance.Decode_I/IF_PC_Write                                     | u1/uc_basico_i/microblaze_0/U0/MicroBlaze_Core_I/sync_reset                                                                   |               13 |             32 |
|  u1/uc_basico_i/clk_wiz_1/U0/clk_out1    |                                                                                                                       | u1/uc_basico_i/microblaze_0/U0/MicroBlaze_Core_I/p_1_out                                                                      |                9 |             32 |
|  u1/uc_basico_i/mdm_1/U0/Ext_JTAG_DRCK   | u1/uc_basico_i/mdm_1/U0/Dbg_Capture_0                                                                                 |                                                                                                                               |               17 |             61 |
|  u1/uc_basico_i/clk_wiz_1/U0/clk_out1    | u1/uc_basico_i/microblaze_0/U0/n_0_PC_Buffer_reg[3][0]_srl4_i_1                                                       |                                                                                                                               |               10 |             75 |
|  u1/uc_basico_i/clk_wiz_1/U0/clk_out1    | u1/uc_basico_i/microblaze_0/U0/Trace_EX_PipeRun                                                                       | u1/uc_basico_i/microblaze_0/U0/MicroBlaze_Core_I/sync_reset                                                                   |               29 |             79 |
|  u1/uc_basico_i/mdm_1/U0/Ext_JTAG_DRCK   |                                                                                                                       |                                                                                                                               |               36 |            107 |
|  u1/uc_basico_i/clk_wiz_1/U0/clk_out1    | u1/uc_basico_i/microblaze_0/U0/Trace_Reg_Write                                                                        |                                                                                                                               |               16 |            128 |
|  u1/uc_basico_i/clk_wiz_1/U0/clk_out1    |                                                                                                                       | u1/uc_basico_i/microblaze_0/U0/MicroBlaze_Core_I/sync_reset                                                                   |               67 |            138 |
|  u1/uc_basico_i/clk_wiz_1/U0/clk_out1    | u1/uc_basico_i/microblaze_0/U0/Trace_OF_PipeRun                                                                       | u1/uc_basico_i/microblaze_0/U0/MicroBlaze_Core_I/sync_reset                                                                   |               69 |            200 |
|  u1/uc_basico_i/clk_wiz_1/U0/clk_out1    |                                                                                                                       |                                                                                                                               |              107 |            331 |
+------------------------------------------+-----------------------------------------------------------------------------------------------------------------------+-------------------------------------------------------------------------------------------------------------------------------+------------------+----------------+


